failed to connect
failed to connect
failed to connect
failed to connect
failed to connect
failed to connect
failed to connect
failed to connect
failed to connect
failed to connect
failed to connect
failed to connect
failed to connect
failed to connect
failed to connect
failed to connect
failed to connect
failed to connect
failed to connect
failed to connect
failed to connect
failed to connect
failed to connect
failed to connect
failed to connect
failed to connect
failed to connect
failed to connect
failed to connect
failed to connect
failed to connect
failed to connect
failed to connect
failed to connect
failed to connect
failed to connect
failed to connect
failed to connect
failed to connect
failed to connect
failed to connect
failed to connect
failed to connect
failed to connect
failed to connect
failed to connect
failed to connect
failed to connect
failed to connect
failed to connect
failed to connect
failed to connect
failed to connect
failed to connect
failed to connect
failed to connect
failed to connect
failed to connect
failed to connect
failed to connect
failed to connect
failed to connect
failed to connect
failed to connect
failed to connect
failed to connect
failed to connect
failed to connect
failed to connect
failed to connect
failed to connect
failed to connect
failed to connect
failed to connect
failed to connect
failed to connect
failed to connect
failed to connect
failed to connect
failed to connect
failed to connect
failed to connect
failed to connect
failed to connect
failed to connect
failed to connect
failed to connect
failed to connect
failed to connect
failed to connect
failed to connect
failed to connect
failed to connect
failed to connect
failed to connect
failed to connect
failed to connect
failed to connect
failed to connect
failed to connect
failed to connect
failed to connect
failed to connect
failed to connect
failed to connect
failed to connect
failed to connect
failed to connect
failed to connect
failed to connect
failed to connect
failed to connect
failed to connect
